${AUXOBJ}
lib/${ARCH}/${LIBPREFIX}ec_java.${LIBSUFFIX}
lib/${ARCH}/${LIBPREFIX}ec_java_load.${LIBSUFFIX}
lib/${ARCH}/${LIBPREFIX}eclipse.${LIBSUFFIX}
lib/${ARCH}/*gmp*.${LIBSUFFIX}*
lib/${ARCH}/bitmap.${SOSUFFIX}
lib/${ARCH}/dbi_mysql.${SOSUFFIX}
lib/${ARCH}/eclipse.exe
lib/${ARCH}/edge_finder.${SOSUFFIX}
lib/${ARCH}/ic.${SOSUFFIX}
lib/${ARCH}/pteclipse.${LIBSUFFIX}
lib/${ARCH}/eregex.${SOSUFFIX}
lib/anti_unify.eco
lib/apply.eco
lib/apply_macros.eco
lib/asm.eco
lib/bfs.eco
lib/bin_info.eco
lib/branch_and_bound.eco
lib/b_trees.eco
lib/calendar.eco
lib/changeset.eco
lib/colgen.eco
lib/compiler_analysis.eco
lib/compiler_codegen.eco
lib/compiler_common.eco
lib/compiler_indexing.eco
lib/compiler_map.eco
lib/compiler_normalise.eco
lib/compiler_peephole.eco
lib/compiler_regassign.eco
lib/compiler_varclass.eco
lib/constraint_pools.eco
lib/cumulative.eco
lib/dbi.eco
lib/dual_var.eco
lib/ech.eco
lib/ecl_compiler.eco
lib/eclipse.jar
lib/eclipse_language.eco
lib/edge_finder.eco
lib/edge_finder3.eco
lib/empty_language.eco
lib/fd.eco
lib/fd_arith.eco
lib/fd_chip.eco
lib/fd_domain.eco
lib/fd_edge_finder_common.eco
lib/fd_elipsys.eco
lib/fd_generic_interface.eco
lib/fd_global.eco
lib/fd_sbds.eco
lib/fd_search.eco
lib/fd_sequence.eco
lib/fd_sets.eco
lib/fd_util.eco
lib/flow_constraints_support.eco
lib/fromonto.eco
lib/graph_algorithms.eco
lib/heap_array.eco
lib/hash.eco
lib/heaps.eco
lib/ic.eco
lib/ic_constraints.eco
lib/ic_cumulative.eco
lib/ic_edge_finder.eco
lib/ic_edge_finder3.eco
lib/ic_edge_finder_common.eco
lib/ic_generic_interface.eco
lib/ic_global.eco
lib/ic_kernel.eco
lib/ic_make_overlap_bivs.eco
lib/ic_probe.eco
lib/ic_probe_search.eco
lib/ic_probe_support.eco
lib/ic_probing_for_scheduling.eco
lib/ic_sbds.eco
lib/ic_search.eco
lib/ic_sequence.eco
lib/ic_sets.eco
lib/ic_symbolic.eco
lib/iso.eco
lib/iso_aux.eco
lib/iso_error.eco
lib/iso_light.eco
lib/iso_strict.eco
lib/joop_boot.eco
lib/kernel.eco
lib/linearize.eco
lib/lists.eco
lib/lists_of_structures.eco
lib/make_overlap_bivs.eco
lib/matrix_util.eco
lib/max_flow.eco
lib/module_options.eco
lib/multifile.eco
lib/notify_ports.eco
lib/notinstance.eco
lib/numbervars.eco
lib/n_trees.eco
lib/ordset.eco
lib/probe.eco
lib/probe_search.eco
lib/probe_support.eco
lib/probing_for_scheduling.eco
lib/propia.eco
lib/queues.eco
lib/regex.eco
lib/repair.eco
lib/sd.eco
lib/shadow_cons.eco
lib/source_processor.eco
lib/suspend.eco
lib/tentative.eco
lib/tentative_constraints.eco
lib/timeout.eco
lib/timeout_simple.eco
lib/var_name.eco
lib/version.pl
legal/lgpl.txt
legal/cmpl.txt
